
> client@0.0.0 test
> cucumber-js --config cucumber.cjs

Starting E2E tests...
Test user already exists
.....................Login API timeout or navigation issue, continuing...
......Login API timeout or navigation issue, continuing...
...F..Login API timeout or navigation issue, continuing...
.........F-..Login API timeout or navigation issue, continuing...
.........Login API timeout or navigation issue, continuing...
.....F----..Login API timeout or navigation issue, continuing...
.....F---..Login API timeout or navigation issue, continuing...
....Search input not found, skipping search step
.F-..Login API timeout or navigation issue, continuing...
......F..Login API timeout or navigation issue, continuing...
...F..Login API timeout or navigation issue, continuing...
...F--------..Login API timeout or navigation issue, continuing...
....F---..Login API timeout or navigation issue, continuing...
.....F---..Login API timeout or navigation issue, continuing...
....F----..Login API timeout or navigation issue, continuing...
....F--..Login API timeout or navigation issue, continuing...
....F--..Login API timeout or navigation issue, continuing...
....F--..Login API timeout or navigation issue, continuing...
...F---..Login API timeout or navigation issue, continuing...
....F---..Login API timeout or navigation issue, continuing...
......F----..Login API timeout or navigation issue, continuing...
....F---.E2E tests completed


Failures:

1) Scenario: View empty project list # tests\features\projects.feature:10
   ΓêÜ Before # file:\C:\Users\JTS\Desktop\gestion%20pr\gestion-de-projet\client\tests\support\hooks.js:39
   ΓêÜ Given I am logged in as a user # file:\C:\Users\JTS\Desktop\gestion%20pr\gestion-de-projet\client\tests\step_definitions\authentication_steps.js:23
   ΓêÜ And I am on the home page # file:\C:\Users\JTS\Desktop\gestion%20pr\gestion-de-projet\client\tests\step_definitions\authentication_steps.js:236
   ΓêÜ When I go to projects page # file:\C:\Users\JTS\Desktop\gestion%20pr\gestion-de-projet\client\tests\step_definitions\project_steps.js:4
   ├ù Then I should see message "No projects currently" # file:\C:\Users\JTS\Desktop\gestion%20pr\gestion-de-projet\client\tests\step_definitions\authentication_steps.js:156
       AssertionError: Expected to find message "No projects currently" in page: expected '\n    welcomemy projectsmanage your pΓÇª' to include 'no projects currently'
           at CustomWorld.<anonymous> (file:///C:/Users/JTS/Desktop/gestion%20pr/gestion-de-projet/client/tests/step_definitions/authentication_steps.js:191:87)
           at async wrapPromiseWithTimeout (C:\Users\JTS\Desktop\gestion pr\gestion-de-projet\client\node_modules\@cucumber\cucumber\lib\time.js:57:12)
           at async Object.run (C:\Users\JTS\Desktop\gestion pr\gestion-de-projet\client\node_modules\@cucumber\cucumber\lib\user_code_runner.js:64:22)
           at async Object.run (C:\Users\JTS\Desktop\gestion pr\gestion-de-projet\client\node_modules\@cucumber\cucumber\lib\runtime\step_runner.js:52:26)
           at async TestCaseRunner.invokeStep (C:\Users\JTS\Desktop\gestion pr\gestion-de-projet\client\node_modules\@cucumber\cucumber\lib\runtime\test_case_runner.js:114:16)
           at async TestCaseRunner.runStep (C:\Users\JTS\Desktop\gestion pr\gestion-de-projet\client\node_modules\@cucumber\cucumber\lib\runtime\test_case_runner.js:266:26)
           at async C:\Users\JTS\Desktop\gestion pr\gestion-de-projet\client\node_modules\@cucumber\cucumber\lib\runtime\test_case_runner.js:197:44
           at async TestCaseRunner.aroundTestStep (C:\Users\JTS\Desktop\gestion pr\gestion-de-projet\client\node_modules\@cucumber\cucumber\lib\runtime\test_case_runner.js:139:32)
           at async TestCaseRunner.runAttempt (C:\Users\JTS\Desktop\gestion pr\gestion-de-projet\client\node_modules\@cucumber\cucumber\lib\runtime\test_case_runner.js:180:13)
           at async TestCaseRunner.run (C:\Users\JTS\Desktop\gestion pr\gestion-de-projet\client\node_modules\@cucumber\cucumber\lib\runtime\test_case_runner.js:155:35)
   ΓêÜ After # file:\C:\Users\JTS\Desktop\gestion%20pr\gestion-de-projet\client\tests\support\hooks.js:66

2) Scenario: Create a new project # tests\features\projects.feature:14
   ΓêÜ Before # file:\C:\Users\JTS\Desktop\gestion%20pr\gestion-de-projet\client\tests\support\hooks.js:39
   ΓêÜ Given I am logged in as a user # file:\C:\Users\JTS\Desktop\gestion%20pr\gestion-de-projet\client\tests\step_definitions\authentication_steps.js:23
   ΓêÜ And I am on the home page # file:\C:\Users\JTS\Desktop\gestion%20pr\gestion-de-projet\client\tests\step_definitions\authentication_steps.js:236
   ΓêÜ When I go to projects page # file:\C:\Users\JTS\Desktop\gestion%20pr\gestion-de-projet\client\tests\step_definitions\project_steps.js:4
   ΓêÜ And I click the "Create New Project" button # file:\C:\Users\JTS\Desktop\gestion%20pr\gestion-de-projet\client\tests\step_definitions\authentication_steps.js:87
   ΓêÜ And I enter project name "Web Application Project" # file:\C:\Users\JTS\Desktop\gestion%20pr\gestion-de-projet\client\tests\step_definitions\project_steps.js:44
   ΓêÜ And I enter project description "Developing a web application for project management" # file:\C:\Users\JTS\Desktop\gestion%20pr\gestion-de-projet\client\tests\step_definitions\project_steps.js:48
   ΓêÜ And I select start date "2024-01-01" # file:\C:\Users\JTS\Desktop\gestion%20pr\gestion-de-projet\client\tests\step_definitions\project_steps.js:52
   ΓêÜ And I select end date "2024-12-31" # file:\C:\Users\JTS\Desktop\gestion%20pr\gestion-de-projet\client\tests\step_definitions\project_steps.js:56
   ΓêÜ And I click the "Save" button # file:\C:\Users\JTS\Desktop\gestion%20pr\gestion-de-projet\client\tests\step_definitions\authentication_steps.js:87
   ├ù Then I should see message "Project created successfully" # file:\C:\Users\JTS\Desktop\gestion%20pr\gestion-de-projet\client\tests\step_definitions\authentication_steps.js:156
       AssertionError: Expected to find message "Project created successfully" in page: expected '\n    welcomemy projectsmanage your pΓÇª' to include 'project created successfully'
           at CustomWorld.<anonymous> (file:///C:/Users/JTS/Desktop/gestion%20pr/gestion-de-projet/client/tests/step_definitions/authentication_steps.js:191:87)
           at async wrapPromiseWithTimeout (C:\Users\JTS\Desktop\gestion pr\gestion-de-projet\client\node_modules\@cucumber\cucumber\lib\time.js:57:12)
           at async Object.run (C:\Users\JTS\Desktop\gestion pr\gestion-de-projet\client\node_modules\@cucumber\cucumber\lib\user_code_runner.js:64:22)
           at async Object.run (C:\Users\JTS\Desktop\gestion pr\gestion-de-projet\client\node_modules\@cucumber\cucumber\lib\runtime\step_runner.js:52:26)
           at async TestCaseRunner.invokeStep (C:\Users\JTS\Desktop\gestion pr\gestion-de-projet\client\node_modules\@cucumber\cucumber\lib\runtime\test_case_runner.js:114:16)
           at async TestCaseRunner.runStep (C:\Users\JTS\Desktop\gestion pr\gestion-de-projet\client\node_modules\@cucumber\cucumber\lib\runtime\test_case_runner.js:266:26)
           at async C:\Users\JTS\Desktop\gestion pr\gestion-de-projet\client\node_modules\@cucumber\cucumber\lib\runtime\test_case_runner.js:197:44
           at async TestCaseRunner.aroundTestStep (C:\Users\JTS\Desktop\gestion pr\gestion-de-projet\client\node_modules\@cucumber\cucumber\lib\runtime\test_case_runner.js:139:32)
           at async TestCaseRunner.runAttempt (C:\Users\JTS\Desktop\gestion pr\gestion-de-projet\client\node_modules\@cucumber\cucumber\lib\runtime\test_case_runner.js:180:13)
           at async TestCaseRunner.run (C:\Users\JTS\Desktop\gestion pr\gestion-de-projet\client\node_modules\@cucumber\cucumber\lib\runtime\test_case_runner.js:155:35)
   - And I should see project "Web Application Project" in the list # file:\C:\Users\JTS\Desktop\gestion%20pr\gestion-de-projet\client\tests\step_definitions\project_steps.js:72
   ΓêÜ After # file:\C:\Users\JTS\Desktop\gestion%20pr\gestion-de-projet\client\tests\support\hooks.js:66

3) Scenario: Update project information # tests\features\projects.feature:32
   ΓêÜ Before # file:\C:\Users\JTS\Desktop\gestion%20pr\gestion-de-projet\client\tests\support\hooks.js:39
   ΓêÜ Given I am logged in as a user # file:\C:\Users\JTS\Desktop\gestion%20pr\gestion-de-projet\client\tests\step_definitions\authentication_steps.js:23
   ΓêÜ And I am on the home page # file:\C:\Users\JTS\Desktop\gestion%20pr\gestion-de-projet\client\tests\step_definitions\authentication_steps.js:236
   ΓêÜ Given project "Old Project" exists # file:\C:\Users\JTS\Desktop\gestion%20pr\gestion-de-projet\client\tests\step_definitions\project_steps.js:25
   ΓêÜ When I go to projects page # file:\C:\Users\JTS\Desktop\gestion%20pr\gestion-de-projet\client\tests\step_definitions\project_steps.js:4
   ΓêÜ And I click on project "Old Project" # file:\C:\Users\JTS\Desktop\gestion%20pr\gestion-de-projet\client\tests\step_definitions\project_steps.js:39
   ├ù And I click the "Edit" button # file:\C:\Users\JTS\Desktop\gestion%20pr\gestion-de-projet\client\tests\step_definitions\authentication_steps.js:87
       Error: Could not find button with text "Edit" or "Edit"
           at CustomWorld.<anonymous> (file:///C:/Users/JTS/Desktop/gestion%20pr/gestion-de-projet/client/tests/step_definitions/authentication_steps.js:128:11)
           at async wrapPromiseWithTimeout (C:\Users\JTS\Desktop\gestion pr\gestion-de-projet\client\node_modules\@cucumber\cucumber\lib\time.js:57:12)
           at async Object.run (C:\Users\JTS\Desktop\gestion pr\gestion-de-projet\client\node_modules\@cucumber\cucumber\lib\user_code_runner.js:64:22)
           at async Object.run (C:\Users\JTS\Desktop\gestion pr\gestion-de-projet\client\node_modules\@cucumber\cucumber\lib\runtime\step_runner.js:52:26)
           at async TestCaseRunner.invokeStep (C:\Users\JTS\Desktop\gestion pr\gestion-de-projet\client\node_modules\@cucumber\cucumber\lib\runtime\test_case_runner.js:114:16)
           at async TestCaseRunner.runStep (C:\Users\JTS\Desktop\gestion pr\gestion-de-projet\client\node_modules\@cucumber\cucumber\lib\runtime\test_case_runner.js:266:26)
           at async C:\Users\JTS\Desktop\gestion pr\gestion-de-projet\client\node_modules\@cucumber\cucumber\lib\runtime\test_case_runner.js:197:44
           at async TestCaseRunner.aroundTestStep (C:\Users\JTS\Desktop\gestion pr\gestion-de-projet\client\node_modules\@cucumber\cucumber\lib\runtime\test_case_runner.js:139:32)
           at async TestCaseRunner.runAttempt (C:\Users\JTS\Desktop\gestion pr\gestion-de-projet\client\node_modules\@cucumber\cucumber\lib\runtime\test_case_runner.js:180:13)
           at async TestCaseRunner.run (C:\Users\JTS\Desktop\gestion pr\gestion-de-projet\client\node_modules\@cucumber\cucumber\lib\runtime\test_case_runner.js:155:35)
   - And I change project name to "Updated Project" # file:\C:\Users\JTS\Desktop\gestion%20pr\gestion-de-projet\client\tests\step_definitions\project_steps.js:63
   - And I click the "Save Changes" button # file:\C:\Users\JTS\Desktop\gestion%20pr\gestion-de-projet\client\tests\step_definitions\authentication_steps.js:87
   - Then I should see message "Project updated successfully" # file:\C:\Users\JTS\Desktop\gestion%20pr\gestion-de-projet\client\tests\step_definitions\authentication_steps.js:156
   - And I should see project "Updated Project" in the list # file:\C:\Users\JTS\Desktop\gestion%20pr\gestion-de-projet\client\tests\step_definitions\project_steps.js:72
   ΓêÜ After # file:\C:\Users\JTS\Desktop\gestion%20pr\gestion-de-projet\client\tests\support\hooks.js:66

4) Scenario: Delete a project # tests\features\projects.feature:42
   ΓêÜ Before # file:\C:\Users\JTS\Desktop\gestion%20pr\gestion-de-projet\client\tests\support\hooks.js:39
   ΓêÜ Given I am logged in as a user # file:\C:\Users\JTS\Desktop\gestion%20pr\gestion-de-projet\client\tests\step_definitions\authentication_steps.js:23
   ΓêÜ And I am on the home page # file:\C:\Users\JTS\Desktop\gestion%20pr\gestion-de-projet\client\tests\step_definitions\authentication_steps.js:236
   ΓêÜ Given project "Project To Delete" exists # file:\C:\Users\JTS\Desktop\gestion%20pr\gestion-de-projet\client\tests\step_definitions\project_steps.js:25
   ΓêÜ When I go to projects page # file:\C:\Users\JTS\Desktop\gestion%20pr\gestion-de-projet\client\tests\step_definitions\project_steps.js:4
   ΓêÜ And I click on project "Project To Delete" # file:\C:\Users\JTS\Desktop\gestion%20pr\gestion-de-projet\client\tests\step_definitions\project_steps.js:39
   ├ù And I click the "Delete Project" button # file:\C:\Users\JTS\Desktop\gestion%20pr\gestion-de-projet\client\tests\step_definitions\authentication_steps.js:87
       Error: Could not find button with text "Delete Project" or "Delete Project"
           at CustomWorld.<anonymous> (file:///C:/Users/JTS/Desktop/gestion%20pr/gestion-de-projet/client/tests/step_definitions/authentication_steps.js:128:11)
           at async wrapPromiseWithTimeout (C:\Users\JTS\Desktop\gestion pr\gestion-de-projet\client\node_modules\@cucumber\cucumber\lib\time.js:57:12)
           at async Object.run (C:\Users\JTS\Desktop\gestion pr\gestion-de-projet\client\node_modules\@cucumber\cucumber\lib\user_code_runner.js:64:22)
           at async Object.run (C:\Users\JTS\Desktop\gestion pr\gestion-de-projet\client\node_modules\@cucumber\cucumber\lib\runtime\step_runner.js:52:26)
           at async TestCaseRunner.invokeStep (C:\Users\JTS\Desktop\gestion pr\gestion-de-projet\client\node_modules\@cucumber\cucumber\lib\runtime\test_case_runner.js:114:16)
           at async TestCaseRunner.runStep (C:\Users\JTS\Desktop\gestion pr\gestion-de-projet\client\node_modules\@cucumber\cucumber\lib\runtime\test_case_runner.js:266:26)
           at async C:\Users\JTS\Desktop\gestion pr\gestion-de-projet\client\node_modules\@cucumber\cucumber\lib\runtime\test_case_runner.js:197:44
           at async TestCaseRunner.aroundTestStep (C:\Users\JTS\Desktop\gestion pr\gestion-de-projet\client\node_modules\@cucumber\cucumber\lib\runtime\test_case_runner.js:139:32)
           at async TestCaseRunner.runAttempt (C:\Users\JTS\Desktop\gestion pr\gestion-de-projet\client\node_modules\@cucumber\cucumber\lib\runtime\test_case_runner.js:180:13)
           at async TestCaseRunner.run (C:\Users\JTS\Desktop\gestion pr\gestion-de-projet\client\node_modules\@cucumber\cucumber\lib\runtime\test_case_runner.js:155:35)
   - And I confirm the deletion # file:\C:\Users\JTS\Desktop\gestion%20pr\gestion-de-projet\client\tests\step_definitions\project_steps.js:67
   - Then I should see message "Project deleted successfully" # file:\C:\Users\JTS\Desktop\gestion%20pr\gestion-de-projet\client\tests\step_definitions\authentication_steps.js:156
   - And I should not see project "Project To Delete" in the list # file:\C:\Users\JTS\Desktop\gestion%20pr\gestion-de-projet\client\tests\step_definitions\project_steps.js:78
   ΓêÜ After # file:\C:\Users\JTS\Desktop\gestion%20pr\gestion-de-projet\client\tests\support\hooks.js:66

5) Scenario: Search for a project # tests\features\projects.feature:51
   ΓêÜ Before # file:\C:\Users\JTS\Desktop\gestion%20pr\gestion-de-projet\client\tests\support\hooks.js:39
   ΓêÜ Given I am logged in as a user # file:\C:\Users\JTS\Desktop\gestion%20pr\gestion-de-projet\client\tests\step_definitions\authentication_steps.js:23
   ΓêÜ And I am on the home page # file:\C:\Users\JTS\Desktop\gestion%20pr\gestion-de-projet\client\tests\step_definitions\authentication_steps.js:236
   ΓêÜ Given the following projects exist: # file:\C:\Users\JTS\Desktop\gestion%20pr\gestion-de-projet\client\tests\step_definitions\project_steps.js:91
       | name                |
       | Application Project |
       | Website Project     |
       | System Project      |
   ΓêÜ When I go to projects page # file:\C:\Users\JTS\Desktop\gestion%20pr\gestion-de-projet\client\tests\step_definitions\project_steps.js:4
   ΓêÜ And I enter "Application" in search field # file:\C:\Users\JTS\Desktop\gestion%20pr\gestion-de-projet\client\tests\step_definitions\project_steps.js:106
   ├ù Then I should see project "Application Project" # file:\C:\Users\JTS\Desktop\gestion%20pr\gestion-de-projet\client\tests\step_definitions\project_steps.js:117
       AssertionError: expected '\n    \n    \n  \n\n' to include 'Application Project'
           at CustomWorld.<anonymous> (file:///C:/Users/JTS/Desktop/gestion%20pr/gestion-de-projet/client/tests/step_definitions/project_steps.js:120:22)
           at async wrapPromiseWithTimeout (C:\Users\JTS\Desktop\gestion pr\gestion-de-projet\client\node_modules\@cucumber\cucumber\lib\time.js:57:12)
           at async Object.run (C:\Users\JTS\Desktop\gestion pr\gestion-de-projet\client\node_modules\@cucumber\cucumber\lib\user_code_runner.js:64:22)
           at async Object.run (C:\Users\JTS\Desktop\gestion pr\gestion-de-projet\client\node_modules\@cucumber\cucumber\lib\runtime\step_runner.js:52:26)
           at async TestCaseRunner.invokeStep (C:\Users\JTS\Desktop\gestion pr\gestion-de-projet\client\node_modules\@cucumber\cucumber\lib\runtime\test_case_runner.js:114:16)
           at async TestCaseRunner.runStep (C:\Users\JTS\Desktop\gestion pr\gestion-de-projet\client\node_modules\@cucumber\cucumber\lib\runtime\test_case_runner.js:266:26)
           at async C:\Users\JTS\Desktop\gestion pr\gestion-de-projet\client\node_modules\@cucumber\cucumber\lib\runtime\test_case_runner.js:197:44
           at async TestCaseRunner.aroundTestStep (C:\Users\JTS\Desktop\gestion pr\gestion-de-projet\client\node_modules\@cucumber\cucumber\lib\runtime\test_case_runner.js:139:32)
           at async TestCaseRunner.runAttempt (C:\Users\JTS\Desktop\gestion pr\gestion-de-projet\client\node_modules\@cucumber\cucumber\lib\runtime\test_case_runner.js:180:13)
           at async TestCaseRunner.run (C:\Users\JTS\Desktop\gestion pr\gestion-de-projet\client\node_modules\@cucumber\cucumber\lib\runtime\test_case_runner.js:155:35)
   - And I should not see project "Website Project" # file:\C:\Users\JTS\Desktop\gestion%20pr\gestion-de-projet\client\tests\step_definitions\project_steps.js:123
   ΓêÜ After # file:\C:\Users\JTS\Desktop\gestion%20pr\gestion-de-projet\client\tests\support\hooks.js:66

6) Scenario: Try to create project without name # tests\features\projects.feature:62
   ΓêÜ Before # file:\C:\Users\JTS\Desktop\gestion%20pr\gestion-de-projet\client\tests\support\hooks.js:39
   ΓêÜ Given I am logged in as a user # file:\C:\Users\JTS\Desktop\gestion%20pr\gestion-de-projet\client\tests\step_definitions\authentication_steps.js:23
   ΓêÜ And I am on the home page # file:\C:\Users\JTS\Desktop\gestion%20pr\gestion-de-projet\client\tests\step_definitions\authentication_steps.js:236
   ΓêÜ When I go to projects page # file:\C:\Users\JTS\Desktop\gestion%20pr\gestion-de-projet\client\tests\step_definitions\project_steps.js:4
   ΓêÜ And I click the "Create New Project" button # file:\C:\Users\JTS\Desktop\gestion%20pr\gestion-de-projet\client\tests\step_definitions\authentication_steps.js:87
   ΓêÜ And I enter project description "Description without name" # file:\C:\Users\JTS\Desktop\gestion%20pr\gestion-de-projet\client\tests\step_definitions\project_steps.js:48
   ΓêÜ And I click the "Save" button # file:\C:\Users\JTS\Desktop\gestion%20pr\gestion-de-projet\client\tests\step_definitions\authentication_steps.js:87
   ├ù Then I should see message "Please enter project name" # file:\C:\Users\JTS\Desktop\gestion%20pr\gestion-de-projet\client\tests\step_definitions\authentication_steps.js:156
       AssertionError: Expected to find message "Please enter project name" in page: expected '\n    welcomemy projectsmanage your pΓÇª' to include 'please enter project name'
           at CustomWorld.<anonymous> (file:///C:/Users/JTS/Desktop/gestion%20pr/gestion-de-projet/client/tests/step_definitions/authentication_steps.js:191:87)
           at async wrapPromiseWithTimeout (C:\Users\JTS\Desktop\gestion pr\gestion-de-projet\client\node_modules\@cucumber\cucumber\lib\time.js:57:12)
           at async Object.run (C:\Users\JTS\Desktop\gestion pr\gestion-de-projet\client\node_modules\@cucumber\cucumber\lib\user_code_runner.js:64:22)
           at async Object.run (C:\Users\JTS\Desktop\gestion pr\gestion-de-projet\client\node_modules\@cucumber\cucumber\lib\runtime\step_runner.js:52:26)
           at async TestCaseRunner.invokeStep (C:\Users\JTS\Desktop\gestion pr\gestion-de-projet\client\node_modules\@cucumber\cucumber\lib\runtime\test_case_runner.js:114:16)
           at async TestCaseRunner.runStep (C:\Users\JTS\Desktop\gestion pr\gestion-de-projet\client\node_modules\@cucumber\cucumber\lib\runtime\test_case_runner.js:266:26)
           at async C:\Users\JTS\Desktop\gestion pr\gestion-de-projet\client\node_modules\@cucumber\cucumber\lib\runtime\test_case_runner.js:197:44
           at async TestCaseRunner.aroundTestStep (C:\Users\JTS\Desktop\gestion pr\gestion-de-projet\client\node_modules\@cucumber\cucumber\lib\runtime\test_case_runner.js:139:32)
           at async TestCaseRunner.runAttempt (C:\Users\JTS\Desktop\gestion pr\gestion-de-projet\client\node_modules\@cucumber\cucumber\lib\runtime\test_case_runner.js:180:13)
           at async TestCaseRunner.run (C:\Users\JTS\Desktop\gestion pr\gestion-de-projet\client\node_modules\@cucumber\cucumber\lib\runtime\test_case_runner.js:155:35)
   ΓêÜ After # file:\C:\Users\JTS\Desktop\gestion%20pr\gestion-de-projet\client\tests\support\hooks.js:66

7) Scenario: View empty task list # tests\features\tasks.feature:11
   ΓêÜ Before # file:\C:\Users\JTS\Desktop\gestion%20pr\gestion-de-projet\client\tests\support\hooks.js:39
   ΓêÜ Given I am logged in as a user # file:\C:\Users\JTS\Desktop\gestion%20pr\gestion-de-projet\client\tests\step_definitions\authentication_steps.js:23
   ΓêÜ And project "Application Project" exists # file:\C:\Users\JTS\Desktop\gestion%20pr\gestion-de-projet\client\tests\step_definitions\project_steps.js:25
   ΓêÜ And I am on project "Application Project" page # file:\C:\Users\JTS\Desktop\gestion%20pr\gestion-de-projet\client\tests\step_definitions\task_steps.js:4
   ├ù Then I should see message "No tasks in this project" # file:\C:\Users\JTS\Desktop\gestion%20pr\gestion-de-projet\client\tests\step_definitions\authentication_steps.js:156
       AssertionError: Expected to find message "No tasks in this project" in page: expected '\n    welcomemy projectsmanage your pΓÇª' to include 'no tasks in this project'
           at CustomWorld.<anonymous> (file:///C:/Users/JTS/Desktop/gestion%20pr/gestion-de-projet/client/tests/step_definitions/authentication_steps.js:191:87)
           at async wrapPromiseWithTimeout (C:\Users\JTS\Desktop\gestion pr\gestion-de-projet\client\node_modules\@cucumber\cucumber\lib\time.js:57:12)
           at async Object.run (C:\Users\JTS\Desktop\gestion pr\gestion-de-projet\client\node_modules\@cucumber\cucumber\lib\user_code_runner.js:64:22)
           at async Object.run (C:\Users\JTS\Desktop\gestion pr\gestion-de-projet\client\node_modules\@cucumber\cucumber\lib\runtime\step_runner.js:52:26)
           at async TestCaseRunner.invokeStep (C:\Users\JTS\Desktop\gestion pr\gestion-de-projet\client\node_modules\@cucumber\cucumber\lib\runtime\test_case_runner.js:114:16)
           at async TestCaseRunner.runStep (C:\Users\JTS\Desktop\gestion pr\gestion-de-projet\client\node_modules\@cucumber\cucumber\lib\runtime\test_case_runner.js:266:26)
           at async C:\Users\JTS\Desktop\gestion pr\gestion-de-projet\client\node_modules\@cucumber\cucumber\lib\runtime\test_case_runner.js:197:44
           at async TestCaseRunner.aroundTestStep (C:\Users\JTS\Desktop\gestion pr\gestion-de-projet\client\node_modules\@cucumber\cucumber\lib\runtime\test_case_runner.js:139:32)
           at async TestCaseRunner.runAttempt (C:\Users\JTS\Desktop\gestion pr\gestion-de-projet\client\node_modules\@cucumber\cucumber\lib\runtime\test_case_runner.js:180:13)
           at async TestCaseRunner.run (C:\Users\JTS\Desktop\gestion pr\gestion-de-projet\client\node_modules\@cucumber\cucumber\lib\runtime\test_case_runner.js:155:35)
   ΓêÜ After # file:\C:\Users\JTS\Desktop\gestion%20pr\gestion-de-projet\client\tests\support\hooks.js:66

8) Scenario: Add a new task # tests\features\tasks.feature:14
   ΓêÜ Before # file:\C:\Users\JTS\Desktop\gestion%20pr\gestion-de-projet\client\tests\support\hooks.js:39
   ΓêÜ Given I am logged in as a user # file:\C:\Users\JTS\Desktop\gestion%20pr\gestion-de-projet\client\tests\step_definitions\authentication_steps.js:23
   ΓêÜ And project "Application Project" exists # file:\C:\Users\JTS\Desktop\gestion%20pr\gestion-de-projet\client\tests\step_definitions\project_steps.js:25
   ΓêÜ And I am on project "Application Project" page # file:\C:\Users\JTS\Desktop\gestion%20pr\gestion-de-projet\client\tests\step_definitions\task_steps.js:4
   ├ù When I click the "Add New Task" button # file:\C:\Users\JTS\Desktop\gestion%20pr\gestion-de-projet\client\tests\step_definitions\authentication_steps.js:87
       Error: Could not find button with text "Add New Task" or "Add New Task"
           at CustomWorld.<anonymous> (file:///C:/Users/JTS/Desktop/gestion%20pr/gestion-de-projet/client/tests/step_definitions/authentication_steps.js:128:11)
           at async wrapPromiseWithTimeout (C:\Users\JTS\Desktop\gestion pr\gestion-de-projet\client\node_modules\@cucumber\cucumber\lib\time.js:57:12)
           at async Object.run (C:\Users\JTS\Desktop\gestion pr\gestion-de-projet\client\node_modules\@cucumber\cucumber\lib\user_code_runner.js:64:22)
           at async Object.run (C:\Users\JTS\Desktop\gestion pr\gestion-de-projet\client\node_modules\@cucumber\cucumber\lib\runtime\step_runner.js:52:26)
           at async TestCaseRunner.invokeStep (C:\Users\JTS\Desktop\gestion pr\gestion-de-projet\client\node_modules\@cucumber\cucumber\lib\runtime\test_case_runner.js:114:16)
           at async TestCaseRunner.runStep (C:\Users\JTS\Desktop\gestion pr\gestion-de-projet\client\node_modules\@cucumber\cucumber\lib\runtime\test_case_runner.js:266:26)
           at async C:\Users\JTS\Desktop\gestion pr\gestion-de-projet\client\node_modules\@cucumber\cucumber\lib\runtime\test_case_runner.js:197:44
           at async TestCaseRunner.aroundTestStep (C:\Users\JTS\Desktop\gestion pr\gestion-de-projet\client\node_modules\@cucumber\cucumber\lib\runtime\test_case_runner.js:139:32)
           at async TestCaseRunner.runAttempt (C:\Users\JTS\Desktop\gestion pr\gestion-de-projet\client\node_modules\@cucumber\cucumber\lib\runtime\test_case_runner.js:180:13)
           at async TestCaseRunner.run (C:\Users\JTS\Desktop\gestion pr\gestion-de-projet\client\node_modules\@cucumber\cucumber\lib\runtime\test_case_runner.js:155:35)
   - And I enter task title "Design Main Interface" # file:\C:\Users\JTS\Desktop\gestion%20pr\gestion-de-projet\client\tests\step_definitions\task_steps.js:272
   - And I enter task description "Design user interface for main page" # file:\C:\Users\JTS\Desktop\gestion%20pr\gestion-de-projet\client\tests\step_definitions\task_steps.js:276
   - And I select status "pending" # file:\C:\Users\JTS\Desktop\gestion%20pr\gestion-de-projet\client\tests\step_definitions\task_steps.js:280
   - And I select priority "high" # file:\C:\Users\JTS\Desktop\gestion%20pr\gestion-de-projet\client\tests\step_definitions\task_steps.js:284
   - And I enter duration "5" # file:\C:\Users\JTS\Desktop\gestion%20pr\gestion-de-projet\client\tests\step_definitions\task_steps.js:288
   - And I click the "Save Task" button # file:\C:\Users\JTS\Desktop\gestion%20pr\gestion-de-projet\client\tests\step_definitions\authentication_steps.js:87
   - Then I should see message "Task added successfully" # file:\C:\Users\JTS\Desktop\gestion%20pr\gestion-de-projet\client\tests\step_definitions\authentication_steps.js:156
   - And I should see task "Design Main Interface" in the list # file:\C:\Users\JTS\Desktop\gestion%20pr\gestion-de-projet\client\tests\step_definitions\task_steps.js:310
   ΓêÜ After # file:\C:\Users\JTS\Desktop\gestion%20pr\gestion-de-projet\client\tests\support\hooks.js:66

9) Scenario: Update task status # tests\features\tasks.feature:25
   ΓêÜ Before # file:\C:\Users\JTS\Desktop\gestion%20pr\gestion-de-projet\client\tests\support\hooks.js:39
   ΓêÜ Given I am logged in as a user # file:\C:\Users\JTS\Desktop\gestion%20pr\gestion-de-projet\client\tests\step_definitions\authentication_steps.js:23
   ΓêÜ And project "Application Project" exists # file:\C:\Users\JTS\Desktop\gestion%20pr\gestion-de-projet\client\tests\step_definitions\project_steps.js:25
   ΓêÜ And I am on project "Application Project" page # file:\C:\Users\JTS\Desktop\gestion%20pr\gestion-de-projet\client\tests\step_definitions\task_steps.js:4
   ΓêÜ Given task "API Programming" exists with status "pending" # file:\C:\Users\JTS\Desktop\gestion%20pr\gestion-de-projet\client\tests\step_definitions\task_steps.js:38
   ├ù When I click on task "API Programming" # file:\C:\Users\JTS\Desktop\gestion%20pr\gestion-de-projet\client\tests\step_definitions\task_steps.js:267
       page.click: Timeout 30000ms exceeded.
       Call log:
       [2m  - waiting for locator('text=API Programming')[22m

           at CustomWorld.<anonymous> (C:\Users\JTS\Desktop\gestion pr\gestion-de-projet\client\tests\step_definitions\task_steps.js:268:19)
   - And I change status to "in-progress" # file:\C:\Users\JTS\Desktop\gestion%20pr\gestion-de-projet\client\tests\step_definitions\task_steps.js:292
   - And I click the "Save" button # file:\C:\Users\JTS\Desktop\gestion%20pr\gestion-de-projet\client\tests\step_definitions\authentication_steps.js:87
   - Then I should see task "API Programming" with status "in-progress" # file:\C:\Users\JTS\Desktop\gestion%20pr\gestion-de-projet\client\tests\step_definitions\task_steps.js:322
   ΓêÜ After # file:\C:\Users\JTS\Desktop\gestion%20pr\gestion-de-projet\client\tests\support\hooks.js:66

10) Scenario: Assign task to user # tests\features\tasks.feature:32
    ΓêÜ Before # file:\C:\Users\JTS\Desktop\gestion%20pr\gestion-de-projet\client\tests\support\hooks.js:39
    ΓêÜ Given I am logged in as a user # file:\C:\Users\JTS\Desktop\gestion%20pr\gestion-de-projet\client\tests\step_definitions\authentication_steps.js:23
    ΓêÜ And project "Application Project" exists # file:\C:\Users\JTS\Desktop\gestion%20pr\gestion-de-projet\client\tests\step_definitions\project_steps.js:25
    ΓêÜ And I am on project "Application Project" page # file:\C:\Users\JTS\Desktop\gestion%20pr\gestion-de-projet\client\tests\step_definitions\task_steps.js:4
    ΓêÜ Given task "Application Testing" exists # file:\C:\Users\JTS\Desktop\gestion%20pr\gestion-de-projet\client\tests\step_definitions\task_steps.js:23
    ΓêÜ And user "Ahmed" exists # file:\C:\Users\JTS\Desktop\gestion%20pr\gestion-de-projet\client\tests\step_definitions\task_steps.js:209
    ├ù When I click on task "Application Testing" # file:\C:\Users\JTS\Desktop\gestion%20pr\gestion-de-projet\client\tests\step_definitions\task_steps.js:267
        page.click: Timeout 30000ms exceeded.
        Call log:
        [2m  - waiting for locator('text=Application Testing')[22m

            at CustomWorld.<anonymous> (C:\Users\JTS\Desktop\gestion pr\gestion-de-projet\client\tests\step_definitions\task_steps.js:268:19)
    - And I select user "Ahmed" from members list # file:\C:\Users\JTS\Desktop\gestion%20pr\gestion-de-projet\client\tests\step_definitions\task_steps.js:296
    - And I click the "Assign Task" button # file:\C:\Users\JTS\Desktop\gestion%20pr\gestion-de-projet\client\tests\step_definitions\authentication_steps.js:87
    - Then I should see task assigned to "Ahmed" # file:\C:\Users\JTS\Desktop\gestion%20pr\gestion-de-projet\client\tests\step_definitions\task_steps.js:329
    ΓêÜ After # file:\C:\Users\JTS\Desktop\gestion%20pr\gestion-de-projet\client\tests\support\hooks.js:66

11) Scenario: Delete a task # tests\features\tasks.feature:40
    ΓêÜ Before # file:\C:\Users\JTS\Desktop\gestion%20pr\gestion-de-projet\client\tests\support\hooks.js:39
    ΓêÜ Given I am logged in as a user # file:\C:\Users\JTS\Desktop\gestion%20pr\gestion-de-projet\client\tests\step_definitions\authentication_steps.js:23
    ΓêÜ And project "Application Project" exists # file:\C:\Users\JTS\Desktop\gestion%20pr\gestion-de-projet\client\tests\step_definitions\project_steps.js:25
    ΓêÜ And I am on project "Application Project" page # file:\C:\Users\JTS\Desktop\gestion%20pr\gestion-de-projet\client\tests\step_definitions\task_steps.js:4
    ΓêÜ Given task "Old Task" exists # file:\C:\Users\JTS\Desktop\gestion%20pr\gestion-de-projet\client\tests\step_definitions\task_steps.js:23
    ├ù When I click on task "Old Task" # file:\C:\Users\JTS\Desktop\gestion%20pr\gestion-de-projet\client\tests\step_definitions\task_steps.js:267
        page.click: Timeout 30000ms exceeded.
        Call log:
        [2m  - waiting for locator('text=Old Task')[22m

            at CustomWorld.<anonymous> (C:\Users\JTS\Desktop\gestion pr\gestion-de-projet\client\tests\step_definitions\task_steps.js:268:19)
    - And I click the "Delete Task" button # file:\C:\Users\JTS\Desktop\gestion%20pr\gestion-de-projet\client\tests\step_definitions\authentication_steps.js:87
    - And I confirm the deletion # file:\C:\Users\JTS\Desktop\gestion%20pr\gestion-de-projet\client\tests\step_definitions\project_steps.js:67
    - Then I should see message "Task deleted successfully" # file:\C:\Users\JTS\Desktop\gestion%20pr\gestion-de-projet\client\tests\step_definitions\authentication_steps.js:156
    - And I should not see task "Old Task" in the list # file:\C:\Users\JTS\Desktop\gestion%20pr\gestion-de-projet\client\tests\step_definitions\task_steps.js:316
    ΓêÜ After # file:\C:\Users\JTS\Desktop\gestion%20pr\gestion-de-projet\client\tests\support\hooks.js:66

12) Scenario: Filter tasks by status # tests\features\tasks.feature:48
    ΓêÜ Before # file:\C:\Users\JTS\Desktop\gestion%20pr\gestion-de-projet\client\tests\support\hooks.js:39
    ΓêÜ Given I am logged in as a user # file:\C:\Users\JTS\Desktop\gestion%20pr\gestion-de-projet\client\tests\step_definitions\authentication_steps.js:23
    ΓêÜ And project "Application Project" exists # file:\C:\Users\JTS\Desktop\gestion%20pr\gestion-de-projet\client\tests\step_definitions\project_steps.js:25
    ΓêÜ And I am on project "Application Project" page # file:\C:\Users\JTS\Desktop\gestion%20pr\gestion-de-projet\client\tests\step_definitions\task_steps.js:4
    ΓêÜ Given the following tasks exist: # file:\C:\Users\JTS\Desktop\gestion%20pr\gestion-de-projet\client\tests\step_definitions\task_steps.js:221
        | title            | status      |
        | Pending Task     | pending     |
        | In Progress Task | in-progress |
        | Completed Task   | completed   |
    ├ù When I select filter "in-progress" # file:\C:\Users\JTS\Desktop\gestion%20pr\gestion-de-projet\client\tests\step_definitions\task_steps.js:300
        page.selectOption: Timeout 30000ms exceeded.
        Call log:
        [2m  - waiting for locator('select:has-text("Filter"), select[name="filter"]')[22m

            at CustomWorld.<anonymous> (C:\Users\JTS\Desktop\gestion pr\gestion-de-projet\client\tests\step_definitions\task_steps.js:301:19)
    - Then I should see task "In Progress Task" # file:\C:\Users\JTS\Desktop\gestion%20pr\gestion-de-projet\client\tests\step_definitions\task_steps.js:116
    - And I should not see task "Pending Task" # file:\C:\Users\JTS\Desktop\gestion%20pr\gestion-de-projet\client\tests\step_definitions\task_steps.js:122
    ΓêÜ After # file:\C:\Users\JTS\Desktop\gestion%20pr\gestion-de-projet\client\tests\support\hooks.js:66

13) Scenario: View Gantt chart for tasks # tests\features\tasks.feature:58
    ΓêÜ Before # file:\C:\Users\JTS\Desktop\gestion%20pr\gestion-de-projet\client\tests\support\hooks.js:39
    ΓêÜ Given I am logged in as a user # file:\C:\Users\JTS\Desktop\gestion%20pr\gestion-de-projet\client\tests\step_definitions\authentication_steps.js:23
    ΓêÜ And project "Application Project" exists # file:\C:\Users\JTS\Desktop\gestion%20pr\gestion-de-projet\client\tests\step_definitions\project_steps.js:25
    ΓêÜ And I am on project "Application Project" page # file:\C:\Users\JTS\Desktop\gestion%20pr\gestion-de-projet\client\tests\step_definitions\task_steps.js:4
    ΓêÜ Given the following tasks exist: # file:\C:\Users\JTS\Desktop\gestion%20pr\gestion-de-projet\client\tests\step_definitions\task_steps.js:221
        | title  | duration |
        | Task A | 3        |
        | Task B | 5        |
        | Task C | 2        |
    ├ù When I click on tab "Gantt Chart" # file:\C:\Users\JTS\Desktop\gestion%20pr\gestion-de-projet\client\tests\step_definitions\task_steps.js:305
        page.click: Timeout 30000ms exceeded.
        Call log:
        [2m  - waiting for locator('button:has-text("Gantt Chart"), a:has-text("Gantt Chart")')[22m

            at CustomWorld.<anonymous> (C:\Users\JTS\Desktop\gestion pr\gestion-de-projet\client\tests\step_definitions\task_steps.js:306:19)
    - Then I should see Gantt chart # file:\C:\Users\JTS\Desktop\gestion%20pr\gestion-de-projet\client\tests\step_definitions\task_steps.js:335
    - And I should see tasks in the chart # file:\C:\Users\JTS\Desktop\gestion%20pr\gestion-de-projet\client\tests\step_definitions\task_steps.js:341
    ΓêÜ After # file:\C:\Users\JTS\Desktop\gestion%20pr\gestion-de-projet\client\tests\support\hooks.js:66

14) Scenario: View PERT chart for tasks # tests\features\tasks.feature:68
    ΓêÜ Before # file:\C:\Users\JTS\Desktop\gestion%20pr\gestion-de-projet\client\tests\support\hooks.js:39
    ΓêÜ Given I am logged in as a user # file:\C:\Users\JTS\Desktop\gestion%20pr\gestion-de-projet\client\tests\step_definitions\authentication_steps.js:23
    ΓêÜ And project "Application Project" exists # file:\C:\Users\JTS\Desktop\gestion%20pr\gestion-de-projet\client\tests\step_definitions\project_steps.js:25
    ΓêÜ And I am on project "Application Project" page # file:\C:\Users\JTS\Desktop\gestion%20pr\gestion-de-projet\client\tests\step_definitions\task_steps.js:4
    ΓêÜ Given the following tasks exist with dependencies # file:\C:\Users\JTS\Desktop\gestion%20pr\gestion-de-projet\client\tests\step_definitions\task_steps.js:239
    ├ù When I click on tab "PERT Chart" # file:\C:\Users\JTS\Desktop\gestion%20pr\gestion-de-projet\client\tests\step_definitions\task_steps.js:305
        page.click: Timeout 30000ms exceeded.
        Call log:
        [2m  - waiting for locator('button:has-text("PERT Chart"), a:has-text("PERT Chart")')[22m

            at CustomWorld.<anonymous> (C:\Users\JTS\Desktop\gestion pr\gestion-de-projet\client\tests\step_definitions\task_steps.js:306:19)
    - Then I should see PERT chart # file:\C:\Users\JTS\Desktop\gestion%20pr\gestion-de-projet\client\tests\step_definitions\task_steps.js:348
    - And I should see critical path # file:\C:\Users\JTS\Desktop\gestion%20pr\gestion-de-projet\client\tests\step_definitions\task_steps.js:354
    ΓêÜ After # file:\C:\Users\JTS\Desktop\gestion%20pr\gestion-de-projet\client\tests\support\hooks.js:66

15) Scenario: Try to add task without title # tests\features\tasks.feature:74
    ΓêÜ Before # file:\C:\Users\JTS\Desktop\gestion%20pr\gestion-de-projet\client\tests\support\hooks.js:39
    ΓêÜ Given I am logged in as a user # file:\C:\Users\JTS\Desktop\gestion%20pr\gestion-de-projet\client\tests\step_definitions\authentication_steps.js:23
    ΓêÜ And project "Application Project" exists # file:\C:\Users\JTS\Desktop\gestion%20pr\gestion-de-projet\client\tests\step_definitions\project_steps.js:25
    ΓêÜ And I am on project "Application Project" page # file:\C:\Users\JTS\Desktop\gestion%20pr\gestion-de-projet\client\tests\step_definitions\task_steps.js:4
    ├ù When I click the "Add New Task" button # file:\C:\Users\JTS\Desktop\gestion%20pr\gestion-de-projet\client\tests\step_definitions\authentication_steps.js:87
        Error: Could not find button with text "Add New Task" or "Add New Task"
            at CustomWorld.<anonymous> (file:///C:/Users/JTS/Desktop/gestion%20pr/gestion-de-projet/client/tests/step_definitions/authentication_steps.js:128:11)
            at async wrapPromiseWithTimeout (C:\Users\JTS\Desktop\gestion pr\gestion-de-projet\client\node_modules\@cucumber\cucumber\lib\time.js:57:12)
            at async Object.run (C:\Users\JTS\Desktop\gestion pr\gestion-de-projet\client\node_modules\@cucumber\cucumber\lib\user_code_runner.js:64:22)
            at async Object.run (C:\Users\JTS\Desktop\gestion pr\gestion-de-projet\client\node_modules\@cucumber\cucumber\lib\runtime\step_runner.js:52:26)
            at async TestCaseRunner.invokeStep (C:\Users\JTS\Desktop\gestion pr\gestion-de-projet\client\node_modules\@cucumber\cucumber\lib\runtime\test_case_runner.js:114:16)
            at async TestCaseRunner.runStep (C:\Users\JTS\Desktop\gestion pr\gestion-de-projet\client\node_modules\@cucumber\cucumber\lib\runtime\test_case_runner.js:266:26)
            at async C:\Users\JTS\Desktop\gestion pr\gestion-de-projet\client\node_modules\@cucumber\cucumber\lib\runtime\test_case_runner.js:197:44
            at async TestCaseRunner.aroundTestStep (C:\Users\JTS\Desktop\gestion pr\gestion-de-projet\client\node_modules\@cucumber\cucumber\lib\runtime\test_case_runner.js:139:32)
            at async TestCaseRunner.runAttempt (C:\Users\JTS\Desktop\gestion pr\gestion-de-projet\client\node_modules\@cucumber\cucumber\lib\runtime\test_case_runner.js:180:13)
            at async TestCaseRunner.run (C:\Users\JTS\Desktop\gestion pr\gestion-de-projet\client\node_modules\@cucumber\cucumber\lib\runtime\test_case_runner.js:155:35)
    - And I enter task description "Description without title" # file:\C:\Users\JTS\Desktop\gestion%20pr\gestion-de-projet\client\tests\step_definitions\task_steps.js:276
    - And I click the "Save Task" button # file:\C:\Users\JTS\Desktop\gestion%20pr\gestion-de-projet\client\tests\step_definitions\authentication_steps.js:87
    - Then I should see message "Please enter task title" # file:\C:\Users\JTS\Desktop\gestion%20pr\gestion-de-projet\client\tests\step_definitions\authentication_steps.js:156
    ΓêÜ After # file:\C:\Users\JTS\Desktop\gestion%20pr\gestion-de-projet\client\tests\support\hooks.js:66

16) Scenario: Update task priority # tests\features\tasks.feature:80
    ΓêÜ Before # file:\C:\Users\JTS\Desktop\gestion%20pr\gestion-de-projet\client\tests\support\hooks.js:39
    ΓêÜ Given I am logged in as a user # file:\C:\Users\JTS\Desktop\gestion%20pr\gestion-de-projet\client\tests\step_definitions\authentication_steps.js:23
    ΓêÜ And project "Application Project" exists # file:\C:\Users\JTS\Desktop\gestion%20pr\gestion-de-projet\client\tests\step_definitions\project_steps.js:25
    ΓêÜ And I am on project "Application Project" page # file:\C:\Users\JTS\Desktop\gestion%20pr\gestion-de-projet\client\tests\step_definitions\task_steps.js:4
    ΓêÜ Given task "Normal Task" exists with priority "medium" # file:\C:\Users\JTS\Desktop\gestion%20pr\gestion-de-projet\client\tests\step_definitions\task_steps.js:53
    ├ù When I click on task "Normal Task" # file:\C:\Users\JTS\Desktop\gestion%20pr\gestion-de-projet\client\tests\step_definitions\task_steps.js:267
        page.click: Timeout 30000ms exceeded.
        Call log:
        [2m  - waiting for locator('text=Normal Task')[22m

            at CustomWorld.<anonymous> (C:\Users\JTS\Desktop\gestion pr\gestion-de-projet\client\tests\step_definitions\task_steps.js:268:19)
    - And I change priority to "high" # file:\C:\Users\JTS\Desktop\gestion%20pr\gestion-de-projet\client\tests\step_definitions\task_steps.js:112
    - And I click the "Save" button # file:\C:\Users\JTS\Desktop\gestion%20pr\gestion-de-projet\client\tests\step_definitions\authentication_steps.js:87
    - Then I should see task "Normal Task" with priority "high" # file:\C:\Users\JTS\Desktop\gestion%20pr\gestion-de-projet\client\tests\step_definitions\task_steps.js:128
    ΓêÜ After # file:\C:\Users\JTS\Desktop\gestion%20pr\gestion-de-projet\client\tests\support\hooks.js:66

17) Scenario: Detect circular dependency in tasks # tests\features\tasks.feature:87
    ΓêÜ Before # file:\C:\Users\JTS\Desktop\gestion%20pr\gestion-de-projet\client\tests\support\hooks.js:39
    ΓêÜ Given I am logged in as a user # file:\C:\Users\JTS\Desktop\gestion%20pr\gestion-de-projet\client\tests\step_definitions\authentication_steps.js:23
    ΓêÜ And project "Application Project" exists # file:\C:\Users\JTS\Desktop\gestion%20pr\gestion-de-projet\client\tests\step_definitions\project_steps.js:25
    ΓêÜ And I am on project "Application Project" page # file:\C:\Users\JTS\Desktop\gestion%20pr\gestion-de-projet\client\tests\step_definitions\task_steps.js:4
    ΓêÜ Given task "Task A" exists # file:\C:\Users\JTS\Desktop\gestion%20pr\gestion-de-projet\client\tests\step_definitions\task_steps.js:23
    ΓêÜ And task "Task B" exists with predecessor "Task A" # file:\C:\Users\JTS\Desktop\gestion%20pr\gestion-de-projet\client\tests\step_definitions\task_steps.js:68
    ΓêÜ And task "Task C" exists with predecessor "Task B" # file:\C:\Users\JTS\Desktop\gestion%20pr\gestion-de-projet\client\tests\step_definitions\task_steps.js:68
    ├ù When I click on task "Task A" # file:\C:\Users\JTS\Desktop\gestion%20pr\gestion-de-projet\client\tests\step_definitions\task_steps.js:267
        page.click: Timeout 30000ms exceeded.
        Call log:
        [2m  - waiting for locator('text=Task A')[22m

            at CustomWorld.<anonymous> (C:\Users\JTS\Desktop\gestion pr\gestion-de-projet\client\tests\step_definitions\task_steps.js:268:19)
    - And I try to add "Task C" as predecessor # file:\C:\Users\JTS\Desktop\gestion%20pr\gestion-de-projet\client\tests\step_definitions\task_steps.js:144
    - And I click the "Save" button # file:\C:\Users\JTS\Desktop\gestion%20pr\gestion-de-projet\client\tests\step_definitions\authentication_steps.js:87
    - Then I should see error message "Circular dependency detected" # file:\C:\Users\JTS\Desktop\gestion%20pr\gestion-de-projet\client\tests\step_definitions\authentication_steps.js:195
    - And the task should not be saved # file:\C:\Users\JTS\Desktop\gestion%20pr\gestion-de-projet\client\tests\step_definitions\task_steps.js:155
    ΓêÜ After # file:\C:\Users\JTS\Desktop\gestion%20pr\gestion-de-projet\client\tests\support\hooks.js:66

18) Scenario: Warning for circular dependency # tests\features\tasks.feature:97
    ΓêÜ Before # file:\C:\Users\JTS\Desktop\gestion%20pr\gestion-de-projet\client\tests\support\hooks.js:39
    ΓêÜ Given I am logged in as a user # file:\C:\Users\JTS\Desktop\gestion%20pr\gestion-de-projet\client\tests\step_definitions\authentication_steps.js:23
    ΓêÜ And project "Application Project" exists # file:\C:\Users\JTS\Desktop\gestion%20pr\gestion-de-projet\client\tests\step_definitions\project_steps.js:25
    ΓêÜ And I am on project "Application Project" page # file:\C:\Users\JTS\Desktop\gestion%20pr\gestion-de-projet\client\tests\step_definitions\task_steps.js:4
    ΓêÜ Given the following tasks exist with dependencies: # file:\C:\Users\JTS\Desktop\gestion%20pr\gestion-de-projet\client\tests\step_definitions\task_steps.js:162
        | title  | predecessors |
        | Task 1 | []           |
        | Task 2 | [Task 1]     |
        | Task 3 | [Task 2]     |
    ├ù When I click on task "Task 1" # file:\C:\Users\JTS\Desktop\gestion%20pr\gestion-de-projet\client\tests\step_definitions\task_steps.js:267
        page.click: Timeout 30000ms exceeded.
        Call log:
        [2m  - waiting for locator('text=Task 1')[22m

            at CustomWorld.<anonymous> (C:\Users\JTS\Desktop\gestion pr\gestion-de-projet\client\tests\step_definitions\task_steps.js:268:19)
    - And I select "Task 3" as predecessor # file:\C:\Users\JTS\Desktop\gestion%20pr\gestion-de-projet\client\tests\step_definitions\task_steps.js:188
    - Then I should see warning "This will create a circular dependency" # file:\C:\Users\JTS\Desktop\gestion%20pr\gestion-de-projet\client\tests\step_definitions\task_steps.js:198
    - And the save button should be disabled # file:\C:\Users\JTS\Desktop\gestion%20pr\gestion-de-projet\client\tests\step_definitions\task_steps.js:204
    ΓêÜ After # file:\C:\Users\JTS\Desktop\gestion%20pr\gestion-de-projet\client\tests\support\hooks.js:66

23 scenarios (18 failed, 5 passed)
170 steps (18 failed, 46 skipped, 106 passed)
9m52.038s (executing steps: 9m51.693s)
